==================================================
System Information for: Client 1
Node Name: mdc-1057-18-1.rc.usf.edu
OS Platform: Linux-3.10.0-1160.2.1.el7.x86_64-x86_64-with-glibc2.17
CPU: 32 physical cores, 64 logical cores
Total RAM: 251.21 GB
GPUs Available: 1
  GPU 0: NVIDIA L40S (VRAM: 44.53 GB)
==================================================
Client 1 using device: cuda
/work/r/reeshav/PPML-Experiments-FL/.venv/lib/python3.9/site-packages/monai/utils/deprecate_utils.py:321: FutureWarning: monai.transforms.spatial.dictionary Orientationd.__init__:labels: Current default value of argument `labels=(('L', 'R'), ('P', 'A'), ('I', 'S'))` was changed in version None from `labels=(('L', 'R'), ('P', 'A'), ('I', 'S'))` to `labels=None`. Default value changed to None meaning that the transform now uses the 'space' of a meta-tensor, if applicable, to determine appropriate axis labels.
  warn_deprecated(argname, msg, warning_category)
[Client 1] Resuming from round 12, appending to /work/r/reeshav/PPML-Experiments-FL/fl/client_1_metrics.csv
[Client 1] Connection attempt 1/10
[92mINFO [0m:      
[92mINFO [0m:      Received: train message be9369a6-e028-4a81-acfc-39a57fee861b
I0628 23:16:45.780718   65252 fork_posix.cc:71] Other threads are currently calling into gRPC, skipping fork() handlers
[Client 1, Round 13] 9% (40/408) Loss: 0.3586
[Client 1, Round 13] 19% (80/408) Loss: 0.4664
[Client 1, Round 13] 29% (120/408) Loss: 0.4494
[Client 1, Round 13] 39% (160/408) Loss: 0.3744
[Client 1, Round 13] 49% (200/408) Loss: 0.5840
[Client 1, Round 13] 58% (240/408) Loss: 0.3491
[Client 1, Round 13] 68% (280/408) Loss: 0.4094
[Client 1, Round 13] 78% (320/408) Loss: 0.2412
[Client 1, Round 13] 88% (360/408) Loss: 0.2329
[Client 1, Round 13] 98% (400/408) Loss: 0.1741
[Client 1, Round 13] 100% (408/408) Loss: 0.2792
[Client 1, Round 13] Train Loss: 0.3820
[92mINFO [0m:      Sent reply
[92mINFO [0m:      
[92mINFO [0m:      Received: reconnect message 0aa296a3-9be5-483c-8c39-91302f147a26
[92mINFO [0m:      Disconnect and shut down
