[92mINFO [0m:      Starting Flower server, config: num_rounds=100, no round_timeout
[92mINFO [0m:      Flower ECE: gRPC server running (100 rounds), SSL is disabled
[92mINFO [0m:      [INIT]
[92mINFO [0m:      Requesting initial parameters from one random client
[92mINFO [0m:      Received initial parameters from one random client
[92mINFO [0m:      Starting evaluation of initial global parameters
[92mINFO [0m:      Evaluation returned no results (`None`)
[92mINFO [0m:      
[92mINFO [0m:      [ROUND 1]
[92mINFO [0m:      configure_fit: strategy sampled 3 clients (out of 3)
[92mINFO [0m:      aggregate_fit: received 3 results and 0 failures
[92mINFO [0m:      configure_evaluate: strategy sampled 3 clients (out of 3)
[92mINFO [0m:      aggregate_evaluate: received 3 results and 0 failures
[92mINFO [0m:      
[92mINFO [0m:      [ROUND 2]
[92mINFO [0m:      configure_fit: strategy sampled 3 clients (out of 3)
[92mINFO [0m:      aggregate_fit: received 3 results and 0 failures
[92mINFO [0m:      configure_evaluate: strategy sampled 3 clients (out of 3)
[92mINFO [0m:      aggregate_evaluate: received 3 results and 0 failures
[92mINFO [0m:      
[92mINFO [0m:      [ROUND 3]
[92mINFO [0m:      configure_fit: strategy sampled 3 clients (out of 3)
[92mINFO [0m:      aggregate_fit: received 3 results and 0 failures
[92mINFO [0m:      configure_evaluate: strategy sampled 3 clients (out of 3)
[92mINFO [0m:      aggregate_evaluate: received 3 results and 0 failures
[92mINFO [0m:      
[92mINFO [0m:      [ROUND 4]
[92mINFO [0m:      configure_fit: strategy sampled 3 clients (out of 3)
[92mINFO [0m:      aggregate_fit: received 3 results and 0 failures
[92mINFO [0m:      configure_evaluate: strategy sampled 3 clients (out of 3)
[92mINFO [0m:      aggregate_evaluate: received 3 results and 0 failures
[92mINFO [0m:      
[92mINFO [0m:      [ROUND 5]
[92mINFO [0m:      configure_fit: strategy sampled 3 clients (out of 3)
[92mINFO [0m:      aggregate_fit: received 3 results and 0 failures
[92mINFO [0m:      configure_evaluate: strategy sampled 3 clients (out of 3)
[92mINFO [0m:      aggregate_evaluate: received 3 results and 0 failures
[92mINFO [0m:      
[92mINFO [0m:      [ROUND 6]
[92mINFO [0m:      configure_fit: strategy sampled 3 clients (out of 3)
[92mINFO [0m:      aggregate_fit: received 3 results and 0 failures
[92mINFO [0m:      configure_evaluate: strategy sampled 3 clients (out of 3)
[92mINFO [0m:      aggregate_evaluate: received 3 results and 0 failures
[92mINFO [0m:      
[92mINFO [0m:      [ROUND 7]
[92mINFO [0m:      configure_fit: strategy sampled 3 clients (out of 3)
[92mINFO [0m:      aggregate_fit: received 3 results and 0 failures
[92mINFO [0m:      configure_evaluate: strategy sampled 3 clients (out of 3)
[92mINFO [0m:      aggregate_evaluate: received 3 results and 0 failures
[92mINFO [0m:      
[92mINFO [0m:      [ROUND 8]
[92mINFO [0m:      configure_fit: strategy sampled 3 clients (out of 3)
[92mINFO [0m:      aggregate_fit: received 3 results and 0 failures
[92mINFO [0m:      configure_evaluate: strategy sampled 3 clients (out of 3)
[92mINFO [0m:      aggregate_evaluate: received 3 results and 0 failures
[92mINFO [0m:      
[92mINFO [0m:      [ROUND 9]
[92mINFO [0m:      configure_fit: strategy sampled 3 clients (out of 3)
[92mINFO [0m:      aggregate_fit: received 3 results and 0 failures
[92mINFO [0m:      configure_evaluate: strategy sampled 3 clients (out of 3)
[92mINFO [0m:      aggregate_evaluate: received 3 results and 0 failures
[92mINFO [0m:      
[92mINFO [0m:      [ROUND 10]
[92mINFO [0m:      configure_fit: strategy sampled 3 clients (out of 3)
[92mINFO [0m:      aggregate_fit: received 3 results and 0 failures
[92mINFO [0m:      configure_evaluate: strategy sampled 3 clients (out of 3)
[92mINFO [0m:      aggregate_evaluate: received 3 results and 0 failures
[92mINFO [0m:      
[92mINFO [0m:      [ROUND 11]
[92mINFO [0m:      configure_fit: strategy sampled 3 clients (out of 3)
[92mINFO [0m:      aggregate_fit: received 3 results and 0 failures
[92mINFO [0m:      configure_evaluate: strategy sampled 3 clients (out of 3)
[92mINFO [0m:      aggregate_evaluate: received 3 results and 0 failures
[92mINFO [0m:      
[92mINFO [0m:      [ROUND 12]
[92mINFO [0m:      configure_fit: strategy sampled 3 clients (out of 3)
[92mINFO [0m:      aggregate_fit: received 3 results and 0 failures
[92mINFO [0m:      configure_evaluate: strategy sampled 3 clients (out of 3)
[92mINFO [0m:      aggregate_evaluate: received 3 results and 0 failures
[92mINFO [0m:      
[92mINFO [0m:      [ROUND 13]
[92mINFO [0m:      configure_fit: strategy sampled 3 clients (out of 3)
[92mINFO [0m:      aggregate_fit: received 3 results and 0 failures
[92mINFO [0m:      configure_evaluate: strategy sampled 3 clients (out of 3)
[92mINFO [0m:      aggregate_evaluate: received 3 results and 0 failures
[92mINFO [0m:      
[92mINFO [0m:      [ROUND 14]
[92mINFO [0m:      configure_fit: strategy sampled 3 clients (out of 3)
[92mINFO [0m:      aggregate_fit: received 3 results and 0 failures
[92mINFO [0m:      configure_evaluate: strategy sampled 3 clients (out of 3)
[92mINFO [0m:      aggregate_evaluate: received 3 results and 0 failures
[92mINFO [0m:      
[92mINFO [0m:      [ROUND 15]
[92mINFO [0m:      configure_fit: strategy sampled 3 clients (out of 3)
[92mINFO [0m:      aggregate_fit: received 3 results and 0 failures
[92mINFO [0m:      configure_evaluate: strategy sampled 3 clients (out of 3)
[92mINFO [0m:      aggregate_evaluate: received 3 results and 0 failures
[92mINFO [0m:      
[92mINFO [0m:      [ROUND 16]
[92mINFO [0m:      configure_fit: strategy sampled 3 clients (out of 3)
[92mINFO [0m:      aggregate_fit: received 3 results and 0 failures
[92mINFO [0m:      configure_evaluate: strategy sampled 3 clients (out of 3)
[92mINFO [0m:      aggregate_evaluate: received 3 results and 0 failures
[92mINFO [0m:      
[92mINFO [0m:      [ROUND 17]
[92mINFO [0m:      configure_fit: strategy sampled 3 clients (out of 3)
[92mINFO [0m:      aggregate_fit: received 3 results and 0 failures
[92mINFO [0m:      configure_evaluate: strategy sampled 3 clients (out of 3)
[92mINFO [0m:      aggregate_evaluate: received 3 results and 0 failures
[92mINFO [0m:      
[92mINFO [0m:      [ROUND 18]
[92mINFO [0m:      configure_fit: strategy sampled 3 clients (out of 3)
[92mINFO [0m:      aggregate_fit: received 3 results and 0 failures
[92mINFO [0m:      configure_evaluate: strategy sampled 3 clients (out of 3)
[92mINFO [0m:      aggregate_evaluate: received 3 results and 0 failures
[92mINFO [0m:      
[92mINFO [0m:      [ROUND 19]
[92mINFO [0m:      configure_fit: strategy sampled 3 clients (out of 3)
[92mINFO [0m:      aggregate_fit: received 3 results and 0 failures
[92mINFO [0m:      configure_evaluate: strategy sampled 3 clients (out of 3)
[92mINFO [0m:      aggregate_evaluate: received 3 results and 0 failures
[92mINFO [0m:      
[92mINFO [0m:      [ROUND 20]
[92mINFO [0m:      configure_fit: strategy sampled 3 clients (out of 3)
[92mINFO [0m:      aggregate_fit: received 3 results and 0 failures
[92mINFO [0m:      configure_evaluate: strategy sampled 3 clients (out of 3)
[92mINFO [0m:      aggregate_evaluate: received 3 results and 0 failures
[92mINFO [0m:      
[92mINFO [0m:      [ROUND 21]
[92mINFO [0m:      configure_fit: strategy sampled 3 clients (out of 3)
[92mINFO [0m:      aggregate_fit: received 3 results and 0 failures
[92mINFO [0m:      configure_evaluate: strategy sampled 3 clients (out of 3)
[92mINFO [0m:      aggregate_evaluate: received 3 results and 0 failures
[92mINFO [0m:      
[92mINFO [0m:      [ROUND 22]
[92mINFO [0m:      configure_fit: strategy sampled 3 clients (out of 3)
[92mINFO [0m:      aggregate_fit: received 3 results and 0 failures
[92mINFO [0m:      configure_evaluate: strategy sampled 3 clients (out of 3)
[92mINFO [0m:      aggregate_evaluate: received 3 results and 0 failures
[92mINFO [0m:      
[92mINFO [0m:      [ROUND 23]
[92mINFO [0m:      configure_fit: strategy sampled 3 clients (out of 3)
[92mINFO [0m:      aggregate_fit: received 3 results and 0 failures
[92mINFO [0m:      configure_evaluate: strategy sampled 3 clients (out of 3)
[92mINFO [0m:      aggregate_evaluate: received 3 results and 0 failures
[92mINFO [0m:      
[92mINFO [0m:      [ROUND 24]
[92mINFO [0m:      configure_fit: strategy sampled 3 clients (out of 3)
[92mINFO [0m:      aggregate_fit: received 3 results and 0 failures
[92mINFO [0m:      configure_evaluate: strategy sampled 3 clients (out of 3)
[92mINFO [0m:      aggregate_evaluate: received 3 results and 0 failures
[92mINFO [0m:      
[92mINFO [0m:      [ROUND 25]
[92mINFO [0m:      configure_fit: strategy sampled 3 clients (out of 3)
[92mINFO [0m:      aggregate_fit: received 3 results and 0 failures
[92mINFO [0m:      configure_evaluate: strategy sampled 3 clients (out of 3)
[92mINFO [0m:      aggregate_evaluate: received 3 results and 0 failures
[92mINFO [0m:      
[92mINFO [0m:      [ROUND 26]
[92mINFO [0m:      configure_fit: strategy sampled 3 clients (out of 3)
[92mINFO [0m:      aggregate_fit: received 3 results and 0 failures
[92mINFO [0m:      configure_evaluate: strategy sampled 3 clients (out of 3)
[92mINFO [0m:      aggregate_evaluate: received 3 results and 0 failures
[92mINFO [0m:      
[92mINFO [0m:      [ROUND 27]
[92mINFO [0m:      configure_fit: strategy sampled 3 clients (out of 3)
[92mINFO [0m:      aggregate_fit: received 3 results and 0 failures
[92mINFO [0m:      configure_evaluate: strategy sampled 3 clients (out of 3)
[92mINFO [0m:      aggregate_evaluate: received 3 results and 0 failures
[92mINFO [0m:      
[92mINFO [0m:      [ROUND 28]
[92mINFO [0m:      configure_fit: strategy sampled 3 clients (out of 3)
[92mINFO [0m:      aggregate_fit: received 3 results and 0 failures
[92mINFO [0m:      configure_evaluate: strategy sampled 3 clients (out of 3)
[92mINFO [0m:      aggregate_evaluate: received 3 results and 0 failures
[92mINFO [0m:      
[92mINFO [0m:      [ROUND 29]
[92mINFO [0m:      configure_fit: strategy sampled 3 clients (out of 3)
[92mINFO [0m:      aggregate_fit: received 3 results and 0 failures
[92mINFO [0m:      configure_evaluate: strategy sampled 3 clients (out of 3)
[92mINFO [0m:      aggregate_evaluate: received 3 results and 0 failures
[92mINFO [0m:      
[92mINFO [0m:      [ROUND 30]
[92mINFO [0m:      configure_fit: strategy sampled 3 clients (out of 3)
[92mINFO [0m:      aggregate_fit: received 3 results and 0 failures
[92mINFO [0m:      configure_evaluate: strategy sampled 3 clients (out of 3)
[92mINFO [0m:      aggregate_evaluate: received 3 results and 0 failures
[92mINFO [0m:      
[92mINFO [0m:      [ROUND 31]
[92mINFO [0m:      configure_fit: strategy sampled 3 clients (out of 3)
[92mINFO [0m:      aggregate_fit: received 3 results and 0 failures
[92mINFO [0m:      configure_evaluate: strategy sampled 3 clients (out of 3)
[92mINFO [0m:      aggregate_evaluate: received 3 results and 0 failures
[92mINFO [0m:      
[92mINFO [0m:      [ROUND 32]
[92mINFO [0m:      configure_fit: strategy sampled 3 clients (out of 3)
[92mINFO [0m:      aggregate_fit: received 3 results and 0 failures
[92mINFO [0m:      configure_evaluate: strategy sampled 3 clients (out of 3)
[92mINFO [0m:      aggregate_evaluate: received 3 results and 0 failures
[92mINFO [0m:      
[92mINFO [0m:      [ROUND 33]
[92mINFO [0m:      configure_fit: strategy sampled 3 clients (out of 3)
[92mINFO [0m:      aggregate_fit: received 3 results and 0 failures
[92mINFO [0m:      configure_evaluate: strategy sampled 3 clients (out of 3)
[92mINFO [0m:      aggregate_evaluate: received 3 results and 0 failures
[92mINFO [0m:      
[92mINFO [0m:      [ROUND 34]
[92mINFO [0m:      configure_fit: strategy sampled 3 clients (out of 3)
[92mINFO [0m:      aggregate_fit: received 3 results and 0 failures
[92mINFO [0m:      configure_evaluate: strategy sampled 3 clients (out of 3)
[92mINFO [0m:      aggregate_evaluate: received 3 results and 0 failures
[92mINFO [0m:      
[92mINFO [0m:      [ROUND 35]
[92mINFO [0m:      configure_fit: strategy sampled 3 clients (out of 3)
[92mINFO [0m:      aggregate_fit: received 3 results and 0 failures
[92mINFO [0m:      configure_evaluate: strategy sampled 3 clients (out of 3)
[92mINFO [0m:      aggregate_evaluate: received 3 results and 0 failures
[92mINFO [0m:      
[92mINFO [0m:      [ROUND 36]
[92mINFO [0m:      configure_fit: strategy sampled 3 clients (out of 3)
[92mINFO [0m:      aggregate_fit: received 3 results and 0 failures
[92mINFO [0m:      configure_evaluate: strategy sampled 3 clients (out of 3)
[92mINFO [0m:      aggregate_evaluate: received 3 results and 0 failures
[92mINFO [0m:      
[92mINFO [0m:      [ROUND 37]
[92mINFO [0m:      configure_fit: strategy sampled 3 clients (out of 3)
[92mINFO [0m:      aggregate_fit: received 3 results and 0 failures
[92mINFO [0m:      configure_evaluate: strategy sampled 3 clients (out of 3)
[92mINFO [0m:      aggregate_evaluate: received 3 results and 0 failures
[92mINFO [0m:      
[92mINFO [0m:      [ROUND 38]
[92mINFO [0m:      configure_fit: strategy sampled 3 clients (out of 3)
[92mINFO [0m:      aggregate_fit: received 3 results and 0 failures
[92mINFO [0m:      configure_evaluate: strategy sampled 3 clients (out of 3)
[92mINFO [0m:      aggregate_evaluate: received 3 results and 0 failures
[92mINFO [0m:      
[92mINFO [0m:      [ROUND 39]
[92mINFO [0m:      configure_fit: strategy sampled 3 clients (out of 3)
[92mINFO [0m:      aggregate_fit: received 3 results and 0 failures
[92mINFO [0m:      configure_evaluate: strategy sampled 3 clients (out of 3)
[92mINFO [0m:      aggregate_evaluate: received 3 results and 0 failures
[92mINFO [0m:      
[92mINFO [0m:      [ROUND 40]
[92mINFO [0m:      configure_fit: strategy sampled 3 clients (out of 3)
[92mINFO [0m:      aggregate_fit: received 3 results and 0 failures
[92mINFO [0m:      configure_evaluate: strategy sampled 3 clients (out of 3)
[92mINFO [0m:      aggregate_evaluate: received 3 results and 0 failures
[92mINFO [0m:      
[92mINFO [0m:      [ROUND 41]
[92mINFO [0m:      configure_fit: strategy sampled 3 clients (out of 3)
[92mINFO [0m:      aggregate_fit: received 3 results and 0 failures
[92mINFO [0m:      configure_evaluate: strategy sampled 3 clients (out of 3)
[92mINFO [0m:      aggregate_evaluate: received 3 results and 0 failures
[92mINFO [0m:      
[92mINFO [0m:      [ROUND 42]
[92mINFO [0m:      configure_fit: strategy sampled 3 clients (out of 3)
[92mINFO [0m:      aggregate_fit: received 3 results and 0 failures
[92mINFO [0m:      configure_evaluate: strategy sampled 3 clients (out of 3)
[92mINFO [0m:      aggregate_evaluate: received 3 results and 0 failures
[92mINFO [0m:      
[92mINFO [0m:      [ROUND 43]
[92mINFO [0m:      configure_fit: strategy sampled 3 clients (out of 3)
[92mINFO [0m:      aggregate_fit: received 3 results and 0 failures
[92mINFO [0m:      configure_evaluate: strategy sampled 3 clients (out of 3)
[92mINFO [0m:      aggregate_evaluate: received 3 results and 0 failures
[92mINFO [0m:      
[92mINFO [0m:      [ROUND 44]
[92mINFO [0m:      configure_fit: strategy sampled 3 clients (out of 3)
[92mINFO [0m:      aggregate_fit: received 3 results and 0 failures
[92mINFO [0m:      configure_evaluate: strategy sampled 3 clients (out of 3)
[92mINFO [0m:      aggregate_evaluate: received 3 results and 0 failures
[92mINFO [0m:      
[92mINFO [0m:      [ROUND 45]
[92mINFO [0m:      configure_fit: strategy sampled 3 clients (out of 3)
[92mINFO [0m:      aggregate_fit: received 3 results and 0 failures
[92mINFO [0m:      configure_evaluate: strategy sampled 3 clients (out of 3)
[92mINFO [0m:      aggregate_evaluate: received 3 results and 0 failures
[92mINFO [0m:      
[92mINFO [0m:      [ROUND 46]
[92mINFO [0m:      configure_fit: strategy sampled 3 clients (out of 3)
[92mINFO [0m:      aggregate_fit: received 3 results and 0 failures
[92mINFO [0m:      configure_evaluate: strategy sampled 3 clients (out of 3)
[92mINFO [0m:      aggregate_evaluate: received 3 results and 0 failures
[92mINFO [0m:      
[92mINFO [0m:      [ROUND 47]
[92mINFO [0m:      configure_fit: strategy sampled 3 clients (out of 3)
[92mINFO [0m:      aggregate_fit: received 3 results and 0 failures
[92mINFO [0m:      configure_evaluate: strategy sampled 3 clients (out of 3)
[92mINFO [0m:      aggregate_evaluate: received 3 results and 0 failures
[92mINFO [0m:      
[92mINFO [0m:      [ROUND 48]
[92mINFO [0m:      configure_fit: strategy sampled 3 clients (out of 3)
[92mINFO [0m:      aggregate_fit: received 3 results and 0 failures
[92mINFO [0m:      configure_evaluate: strategy sampled 3 clients (out of 3)
[92mINFO [0m:      aggregate_evaluate: received 3 results and 0 failures
[92mINFO [0m:      
[92mINFO [0m:      [ROUND 49]
[92mINFO [0m:      configure_fit: strategy sampled 3 clients (out of 3)
[92mINFO [0m:      aggregate_fit: received 3 results and 0 failures
[92mINFO [0m:      configure_evaluate: strategy sampled 3 clients (out of 3)
[92mINFO [0m:      aggregate_evaluate: received 3 results and 0 failures
[92mINFO [0m:      
[92mINFO [0m:      [ROUND 50]
[92mINFO [0m:      configure_fit: strategy sampled 3 clients (out of 3)
[92mINFO [0m:      aggregate_fit: received 3 results and 0 failures
[92mINFO [0m:      configure_evaluate: strategy sampled 3 clients (out of 3)
[92mINFO [0m:      aggregate_evaluate: received 3 results and 0 failures
[92mINFO [0m:      
[92mINFO [0m:      [ROUND 51]
[92mINFO [0m:      configure_fit: strategy sampled 3 clients (out of 3)
[92mINFO [0m:      aggregate_fit: received 3 results and 0 failures
[92mINFO [0m:      configure_evaluate: strategy sampled 3 clients (out of 3)
[92mINFO [0m:      aggregate_evaluate: received 3 results and 0 failures
[92mINFO [0m:      
[92mINFO [0m:      [ROUND 52]
[92mINFO [0m:      configure_fit: strategy sampled 3 clients (out of 3)
[92mINFO [0m:      aggregate_fit: received 3 results and 0 failures
[92mINFO [0m:      configure_evaluate: strategy sampled 3 clients (out of 3)
[92mINFO [0m:      aggregate_evaluate: received 3 results and 0 failures
[92mINFO [0m:      
[92mINFO [0m:      [ROUND 53]
[92mINFO [0m:      configure_fit: strategy sampled 3 clients (out of 3)
[92mINFO [0m:      aggregate_fit: received 3 results and 0 failures
[92mINFO [0m:      configure_evaluate: strategy sampled 3 clients (out of 3)
[92mINFO [0m:      aggregate_evaluate: received 3 results and 0 failures
[92mINFO [0m:      
[92mINFO [0m:      [ROUND 54]
[92mINFO [0m:      configure_fit: strategy sampled 3 clients (out of 3)
[92mINFO [0m:      aggregate_fit: received 3 results and 0 failures
[92mINFO [0m:      configure_evaluate: strategy sampled 3 clients (out of 3)
[92mINFO [0m:      aggregate_evaluate: received 3 results and 0 failures
[92mINFO [0m:      
[92mINFO [0m:      [ROUND 55]
[92mINFO [0m:      configure_fit: strategy sampled 3 clients (out of 3)
[92mINFO [0m:      aggregate_fit: received 3 results and 0 failures
[92mINFO [0m:      configure_evaluate: strategy sampled 3 clients (out of 3)
[92mINFO [0m:      aggregate_evaluate: received 3 results and 0 failures
[92mINFO [0m:      
[92mINFO [0m:      [ROUND 56]
[92mINFO [0m:      configure_fit: strategy sampled 3 clients (out of 3)
[92mINFO [0m:      aggregate_fit: received 3 results and 0 failures
[92mINFO [0m:      configure_evaluate: strategy sampled 3 clients (out of 3)
[92mINFO [0m:      aggregate_evaluate: received 3 results and 0 failures
[92mINFO [0m:      
[92mINFO [0m:      [ROUND 57]
[92mINFO [0m:      configure_fit: strategy sampled 3 clients (out of 3)
[92mINFO [0m:      aggregate_fit: received 3 results and 0 failures
[92mINFO [0m:      configure_evaluate: strategy sampled 3 clients (out of 3)
[92mINFO [0m:      aggregate_evaluate: received 3 results and 0 failures
[92mINFO [0m:      
[92mINFO [0m:      [ROUND 58]
[92mINFO [0m:      configure_fit: strategy sampled 3 clients (out of 3)
[92mINFO [0m:      aggregate_fit: received 3 results and 0 failures
[92mINFO [0m:      configure_evaluate: strategy sampled 3 clients (out of 3)
[92mINFO [0m:      aggregate_evaluate: received 3 results and 0 failures
[92mINFO [0m:      
[92mINFO [0m:      [ROUND 59]
[92mINFO [0m:      configure_fit: strategy sampled 3 clients (out of 3)
[92mINFO [0m:      aggregate_fit: received 3 results and 0 failures
[92mINFO [0m:      configure_evaluate: strategy sampled 3 clients (out of 3)
[92mINFO [0m:      aggregate_evaluate: received 3 results and 0 failures
[92mINFO [0m:      
[92mINFO [0m:      [ROUND 60]
[92mINFO [0m:      configure_fit: strategy sampled 3 clients (out of 3)
[92mINFO [0m:      aggregate_fit: received 3 results and 0 failures
[92mINFO [0m:      configure_evaluate: strategy sampled 3 clients (out of 3)
[92mINFO [0m:      aggregate_evaluate: received 3 results and 0 failures
[92mINFO [0m:      
[92mINFO [0m:      [ROUND 61]
[92mINFO [0m:      configure_fit: strategy sampled 3 clients (out of 3)
[92mINFO [0m:      aggregate_fit: received 3 results and 0 failures
[92mINFO [0m:      configure_evaluate: strategy sampled 3 clients (out of 3)
[92mINFO [0m:      aggregate_evaluate: received 3 results and 0 failures
[92mINFO [0m:      
[92mINFO [0m:      [ROUND 62]
[92mINFO [0m:      configure_fit: strategy sampled 3 clients (out of 3)
[92mINFO [0m:      aggregate_fit: received 3 results and 0 failures
[92mINFO [0m:      configure_evaluate: strategy sampled 3 clients (out of 3)
[92mINFO [0m:      aggregate_evaluate: received 3 results and 0 failures
[92mINFO [0m:      
[92mINFO [0m:      [ROUND 63]
[92mINFO [0m:      configure_fit: strategy sampled 3 clients (out of 3)
[92mINFO [0m:      aggregate_fit: received 3 results and 0 failures
[92mINFO [0m:      configure_evaluate: strategy sampled 3 clients (out of 3)
[92mINFO [0m:      aggregate_evaluate: received 3 results and 0 failures
[92mINFO [0m:      
[92mINFO [0m:      [ROUND 64]
[92mINFO [0m:      configure_fit: strategy sampled 3 clients (out of 3)
[92mINFO [0m:      aggregate_fit: received 3 results and 0 failures
[92mINFO [0m:      configure_evaluate: strategy sampled 3 clients (out of 3)
[92mINFO [0m:      aggregate_evaluate: received 3 results and 0 failures
[92mINFO [0m:      
[92mINFO [0m:      [ROUND 65]
[92mINFO [0m:      configure_fit: strategy sampled 3 clients (out of 3)
[92mINFO [0m:      aggregate_fit: received 3 results and 0 failures
[92mINFO [0m:      configure_evaluate: strategy sampled 3 clients (out of 3)
[92mINFO [0m:      aggregate_evaluate: received 3 results and 0 failures
[92mINFO [0m:      
[92mINFO [0m:      [ROUND 66]
[92mINFO [0m:      configure_fit: strategy sampled 3 clients (out of 3)
[92mINFO [0m:      aggregate_fit: received 3 results and 0 failures
[92mINFO [0m:      configure_evaluate: strategy sampled 3 clients (out of 3)
[92mINFO [0m:      aggregate_evaluate: received 3 results and 0 failures
[92mINFO [0m:      
[92mINFO [0m:      [ROUND 67]
[92mINFO [0m:      configure_fit: strategy sampled 3 clients (out of 3)
[92mINFO [0m:      aggregate_fit: received 3 results and 0 failures
[92mINFO [0m:      configure_evaluate: strategy sampled 3 clients (out of 3)
[92mINFO [0m:      aggregate_evaluate: received 3 results and 0 failures
[92mINFO [0m:      
[92mINFO [0m:      [ROUND 68]
[92mINFO [0m:      configure_fit: strategy sampled 3 clients (out of 3)
[92mINFO [0m:      aggregate_fit: received 3 results and 0 failures
[92mINFO [0m:      configure_evaluate: strategy sampled 3 clients (out of 3)
[92mINFO [0m:      aggregate_evaluate: received 3 results and 0 failures
[92mINFO [0m:      
[92mINFO [0m:      [ROUND 69]
[92mINFO [0m:      configure_fit: strategy sampled 3 clients (out of 3)
[92mINFO [0m:      aggregate_fit: received 3 results and 0 failures
[92mINFO [0m:      configure_evaluate: strategy sampled 3 clients (out of 3)
[92mINFO [0m:      aggregate_evaluate: received 3 results and 0 failures
[92mINFO [0m:      
[92mINFO [0m:      [ROUND 70]
[92mINFO [0m:      configure_fit: strategy sampled 3 clients (out of 3)
[92mINFO [0m:      aggregate_fit: received 3 results and 0 failures
[92mINFO [0m:      configure_evaluate: strategy sampled 3 clients (out of 3)
[92mINFO [0m:      aggregate_evaluate: received 3 results and 0 failures
[92mINFO [0m:      
[92mINFO [0m:      [ROUND 71]
[92mINFO [0m:      configure_fit: strategy sampled 3 clients (out of 3)
[92mINFO [0m:      aggregate_fit: received 3 results and 0 failures
[92mINFO [0m:      configure_evaluate: strategy sampled 3 clients (out of 3)
[92mINFO [0m:      aggregate_evaluate: received 3 results and 0 failures
[92mINFO [0m:      
[92mINFO [0m:      [ROUND 72]
[92mINFO [0m:      configure_fit: strategy sampled 3 clients (out of 3)
[92mINFO [0m:      aggregate_fit: received 3 results and 0 failures
[92mINFO [0m:      configure_evaluate: strategy sampled 3 clients (out of 3)
[92mINFO [0m:      aggregate_evaluate: received 3 results and 0 failures
[92mINFO [0m:      
[92mINFO [0m:      [ROUND 73]
[92mINFO [0m:      configure_fit: strategy sampled 3 clients (out of 3)
[92mINFO [0m:      aggregate_fit: received 3 results and 0 failures
[92mINFO [0m:      configure_evaluate: strategy sampled 3 clients (out of 3)
[92mINFO [0m:      aggregate_evaluate: received 3 results and 0 failures
[92mINFO [0m:      
[92mINFO [0m:      [ROUND 74]
[92mINFO [0m:      configure_fit: strategy sampled 3 clients (out of 3)
[92mINFO [0m:      aggregate_fit: received 3 results and 0 failures
[92mINFO [0m:      configure_evaluate: strategy sampled 3 clients (out of 3)
[92mINFO [0m:      aggregate_evaluate: received 3 results and 0 failures
[92mINFO [0m:      
[92mINFO [0m:      [ROUND 75]
[92mINFO [0m:      configure_fit: strategy sampled 3 clients (out of 3)
[92mINFO [0m:      aggregate_fit: received 3 results and 0 failures
[92mINFO [0m:      configure_evaluate: strategy sampled 3 clients (out of 3)
[92mINFO [0m:      aggregate_evaluate: received 3 results and 0 failures
[92mINFO [0m:      
[92mINFO [0m:      [ROUND 76]
[92mINFO [0m:      configure_fit: strategy sampled 3 clients (out of 3)
[92mINFO [0m:      aggregate_fit: received 3 results and 0 failures
[92mINFO [0m:      configure_evaluate: strategy sampled 3 clients (out of 3)
[92mINFO [0m:      aggregate_evaluate: received 3 results and 0 failures
[92mINFO [0m:      
[92mINFO [0m:      [ROUND 77]
[92mINFO [0m:      configure_fit: strategy sampled 3 clients (out of 3)
[92mINFO [0m:      aggregate_fit: received 3 results and 0 failures
[92mINFO [0m:      configure_evaluate: strategy sampled 3 clients (out of 3)
[92mINFO [0m:      aggregate_evaluate: received 3 results and 0 failures
[92mINFO [0m:      
[92mINFO [0m:      [ROUND 78]
[92mINFO [0m:      configure_fit: strategy sampled 3 clients (out of 3)
[92mINFO [0m:      aggregate_fit: received 3 results and 0 failures
[92mINFO [0m:      configure_evaluate: strategy sampled 3 clients (out of 3)
[92mINFO [0m:      aggregate_evaluate: received 3 results and 0 failures
[92mINFO [0m:      
[92mINFO [0m:      [ROUND 79]
[92mINFO [0m:      configure_fit: strategy sampled 3 clients (out of 3)
[92mINFO [0m:      aggregate_fit: received 3 results and 0 failures
[92mINFO [0m:      configure_evaluate: strategy sampled 3 clients (out of 3)
[92mINFO [0m:      aggregate_evaluate: received 3 results and 0 failures
[92mINFO [0m:      
[92mINFO [0m:      [ROUND 80]
[92mINFO [0m:      configure_fit: strategy sampled 3 clients (out of 3)
[92mINFO [0m:      aggregate_fit: received 3 results and 0 failures
[92mINFO [0m:      configure_evaluate: strategy sampled 3 clients (out of 3)
[92mINFO [0m:      aggregate_evaluate: received 3 results and 0 failures
[92mINFO [0m:      
[92mINFO [0m:      [ROUND 81]
[92mINFO [0m:      configure_fit: strategy sampled 3 clients (out of 3)
[92mINFO [0m:      aggregate_fit: received 3 results and 0 failures
[92mINFO [0m:      configure_evaluate: strategy sampled 3 clients (out of 3)
[92mINFO [0m:      aggregate_evaluate: received 3 results and 0 failures
[92mINFO [0m:      
[92mINFO [0m:      [ROUND 82]
[92mINFO [0m:      configure_fit: strategy sampled 3 clients (out of 3)
[92mINFO [0m:      aggregate_fit: received 3 results and 0 failures
[92mINFO [0m:      configure_evaluate: strategy sampled 3 clients (out of 3)
[92mINFO [0m:      aggregate_evaluate: received 3 results and 0 failures
[92mINFO [0m:      
[92mINFO [0m:      [ROUND 83]
[92mINFO [0m:      configure_fit: strategy sampled 3 clients (out of 3)
[92mINFO [0m:      aggregate_fit: received 3 results and 0 failures
[92mINFO [0m:      configure_evaluate: strategy sampled 3 clients (out of 3)
[92mINFO [0m:      aggregate_evaluate: received 3 results and 0 failures
[92mINFO [0m:      
[92mINFO [0m:      [ROUND 84]
[92mINFO [0m:      configure_fit: strategy sampled 3 clients (out of 3)
[92mINFO [0m:      aggregate_fit: received 3 results and 0 failures
[92mINFO [0m:      configure_evaluate: strategy sampled 3 clients (out of 3)
[92mINFO [0m:      aggregate_evaluate: received 3 results and 0 failures
[92mINFO [0m:      
[92mINFO [0m:      [ROUND 85]
[92mINFO [0m:      configure_fit: strategy sampled 3 clients (out of 3)
[92mINFO [0m:      aggregate_fit: received 3 results and 0 failures
[92mINFO [0m:      configure_evaluate: strategy sampled 3 clients (out of 3)
[92mINFO [0m:      aggregate_evaluate: received 3 results and 0 failures
[92mINFO [0m:      
[92mINFO [0m:      [ROUND 86]
[92mINFO [0m:      configure_fit: strategy sampled 3 clients (out of 3)
[92mINFO [0m:      aggregate_fit: received 3 results and 0 failures
[92mINFO [0m:      configure_evaluate: strategy sampled 3 clients (out of 3)
[92mINFO [0m:      aggregate_evaluate: received 3 results and 0 failures
[92mINFO [0m:      
[92mINFO [0m:      [ROUND 87]
[92mINFO [0m:      configure_fit: strategy sampled 3 clients (out of 3)
[92mINFO [0m:      aggregate_fit: received 3 results and 0 failures
[92mINFO [0m:      configure_evaluate: strategy sampled 3 clients (out of 3)
[92mINFO [0m:      aggregate_evaluate: received 3 results and 0 failures
[92mINFO [0m:      
[92mINFO [0m:      [ROUND 88]
[92mINFO [0m:      configure_fit: strategy sampled 3 clients (out of 3)
[92mINFO [0m:      aggregate_fit: received 3 results and 0 failures
[92mINFO [0m:      configure_evaluate: strategy sampled 3 clients (out of 3)
[92mINFO [0m:      aggregate_evaluate: received 3 results and 0 failures
[92mINFO [0m:      
[92mINFO [0m:      [ROUND 89]
[92mINFO [0m:      configure_fit: strategy sampled 3 clients (out of 3)
[92mINFO [0m:      aggregate_fit: received 3 results and 0 failures
[92mINFO [0m:      configure_evaluate: strategy sampled 3 clients (out of 3)
[92mINFO [0m:      aggregate_evaluate: received 3 results and 0 failures
[92mINFO [0m:      
[92mINFO [0m:      [ROUND 90]
[92mINFO [0m:      configure_fit: strategy sampled 3 clients (out of 3)
[92mINFO [0m:      aggregate_fit: received 3 results and 0 failures
[92mINFO [0m:      configure_evaluate: strategy sampled 3 clients (out of 3)
[92mINFO [0m:      aggregate_evaluate: received 3 results and 0 failures
[92mINFO [0m:      
[92mINFO [0m:      [ROUND 91]
[92mINFO [0m:      configure_fit: strategy sampled 3 clients (out of 3)
[92mINFO [0m:      aggregate_fit: received 3 results and 0 failures
[92mINFO [0m:      configure_evaluate: strategy sampled 3 clients (out of 3)
[92mINFO [0m:      aggregate_evaluate: received 3 results and 0 failures
[92mINFO [0m:      
[92mINFO [0m:      [ROUND 92]
[92mINFO [0m:      configure_fit: strategy sampled 3 clients (out of 3)
[92mINFO [0m:      aggregate_fit: received 3 results and 0 failures
[92mINFO [0m:      configure_evaluate: strategy sampled 3 clients (out of 3)
[92mINFO [0m:      aggregate_evaluate: received 3 results and 0 failures
[92mINFO [0m:      
[92mINFO [0m:      [ROUND 93]
[92mINFO [0m:      configure_fit: strategy sampled 3 clients (out of 3)
[92mINFO [0m:      aggregate_fit: received 3 results and 0 failures
[92mINFO [0m:      configure_evaluate: strategy sampled 3 clients (out of 3)
[92mINFO [0m:      aggregate_evaluate: received 3 results and 0 failures
[92mINFO [0m:      
[92mINFO [0m:      [ROUND 94]
[92mINFO [0m:      configure_fit: strategy sampled 3 clients (out of 3)
[92mINFO [0m:      aggregate_fit: received 3 results and 0 failures
[92mINFO [0m:      configure_evaluate: strategy sampled 3 clients (out of 3)
[92mINFO [0m:      aggregate_evaluate: received 3 results and 0 failures
[92mINFO [0m:      
[92mINFO [0m:      [ROUND 95]
[92mINFO [0m:      configure_fit: strategy sampled 3 clients (out of 3)
[92mINFO [0m:      aggregate_fit: received 3 results and 0 failures
[92mINFO [0m:      configure_evaluate: strategy sampled 3 clients (out of 3)
[92mINFO [0m:      aggregate_evaluate: received 3 results and 0 failures
[92mINFO [0m:      
[92mINFO [0m:      [ROUND 96]
[92mINFO [0m:      configure_fit: strategy sampled 3 clients (out of 3)
[92mINFO [0m:      aggregate_fit: received 3 results and 0 failures
[92mINFO [0m:      configure_evaluate: strategy sampled 3 clients (out of 3)
[92mINFO [0m:      aggregate_evaluate: received 3 results and 0 failures
[92mINFO [0m:      
[92mINFO [0m:      [ROUND 97]
[92mINFO [0m:      configure_fit: strategy sampled 3 clients (out of 3)
[92mINFO [0m:      aggregate_fit: received 3 results and 0 failures
[92mINFO [0m:      configure_evaluate: strategy sampled 3 clients (out of 3)
[92mINFO [0m:      aggregate_evaluate: received 3 results and 0 failures
[92mINFO [0m:      
[92mINFO [0m:      [ROUND 98]
[92mINFO [0m:      configure_fit: strategy sampled 3 clients (out of 3)
[92mINFO [0m:      aggregate_fit: received 3 results and 0 failures
[92mINFO [0m:      configure_evaluate: strategy sampled 3 clients (out of 3)
[92mINFO [0m:      aggregate_evaluate: received 3 results and 0 failures
[92mINFO [0m:      
[92mINFO [0m:      [ROUND 99]
[92mINFO [0m:      configure_fit: strategy sampled 3 clients (out of 3)
[92mINFO [0m:      aggregate_fit: received 3 results and 0 failures
[92mINFO [0m:      configure_evaluate: strategy sampled 3 clients (out of 3)
[92mINFO [0m:      aggregate_evaluate: received 3 results and 0 failures
[92mINFO [0m:      
[92mINFO [0m:      [ROUND 100]
[92mINFO [0m:      configure_fit: strategy sampled 3 clients (out of 3)
[92mINFO [0m:      aggregate_fit: received 3 results and 0 failures
[92mINFO [0m:      configure_evaluate: strategy sampled 3 clients (out of 3)
[92mINFO [0m:      aggregate_evaluate: received 3 results and 0 failures
[92mINFO [0m:      
[92mINFO [0m:      [SUMMARY]
[92mINFO [0m:      Run finished 100 round(s) in 39384.63s
[92mINFO [0m:      	History (loss, distributed):
[92mINFO [0m:      		round 1: 0.46559425091743467
[92mINFO [0m:      		round 2: 0.31520642566680906
[92mINFO [0m:      		round 3: 0.273515025138855
[92mINFO [0m:      		round 4: 0.2361806205511093
[92mINFO [0m:      		round 5: 0.22335811257362365
[92mINFO [0m:      		round 6: 0.21115478813648225
[92mINFO [0m:      		round 7: 0.21989182019233702
[92mINFO [0m:      		round 8: 0.19605370199680328
[92mINFO [0m:      		round 9: 0.18788255333900453
[92mINFO [0m:      		round 10: 0.18450800740718842
[92mINFO [0m:      		round 11: 0.17831040811538695
[92mINFO [0m:      		round 12: 0.17871978735923766
[92mINFO [0m:      		round 13: 0.16438615715503693
[92mINFO [0m:      		round 14: 0.1717084540128708
[92mINFO [0m:      		round 15: 0.15688905465602876
[92mINFO [0m:      		round 16: 0.17636359655857087
[92mINFO [0m:      		round 17: 0.1615393078327179
[92mINFO [0m:      		round 18: 0.17278407013416291
[92mINFO [0m:      		round 19: 0.16388523888587953
[92mINFO [0m:      		round 20: 0.1633992062807083
[92mINFO [0m:      		round 21: 0.15992026340961457
[92mINFO [0m:      		round 22: 0.15297513687610625
[92mINFO [0m:      		round 23: 0.1536715078353882
[92mINFO [0m:      		round 24: 0.1565840904712677
[92mINFO [0m:      		round 25: 0.1515913015604019
[92mINFO [0m:      		round 26: 0.15036799454689026
[92mINFO [0m:      		round 27: 0.14911986410617828
[92mINFO [0m:      		round 28: 0.14486353951692582
[92mINFO [0m:      		round 29: 0.14269165605306625
[92mINFO [0m:      		round 30: 0.14587283223867417
[92mINFO [0m:      		round 31: 0.14649554908275605
[92mINFO [0m:      		round 32: 0.15282667100429534
[92mINFO [0m:      		round 33: 0.14799758183956147
[92mINFO [0m:      		round 34: 0.1495348290205002
[92mINFO [0m:      		round 35: 0.14480205857753753
[92mINFO [0m:      		round 36: 0.14535946941375733
[92mINFO [0m:      		round 37: 0.13737257021665572
[92mINFO [0m:      		round 38: 0.13484712195396423
[92mINFO [0m:      		round 39: 0.13884812980890274
[92mINFO [0m:      		round 40: 0.14072150695323943
[92mINFO [0m:      		round 41: 0.14291442990303038
[92mINFO [0m:      		round 42: 0.14660377657413481
[92mINFO [0m:      		round 43: 0.133697132229805
[92mINFO [0m:      		round 44: 0.14709845411777497
[92mINFO [0m:      		round 45: 0.14981750589609147
[92mINFO [0m:      		round 46: 0.1380067247748375
[92mINFO [0m:      		round 47: 0.1325418730378151
[92mINFO [0m:      		round 48: 0.1333397251367569
[92mINFO [0m:      		round 49: 0.13599583274126054
[92mINFO [0m:      		round 50: 0.1435221853852272
[92mINFO [0m:      		round 51: 0.1305591557621956
[92mINFO [0m:      		round 52: 0.13700427383184433
[92mINFO [0m:      		round 53: 0.1358263661265373
[92mINFO [0m:      		round 54: 0.1337979058623314
[92mINFO [0m:      		round 55: 0.1336969161629677
[92mINFO [0m:      		round 56: 0.13896795624494554
[92mINFO [0m:      		round 57: 0.13342375057935715
[92mINFO [0m:      		round 58: 0.13389129137992858
[92mINFO [0m:      		round 59: 0.1292765120267868
[92mINFO [0m:      		round 60: 0.12845226830244064
[92mINFO [0m:      		round 61: 0.13308811485767363
[92mINFO [0m:      		round 62: 0.12858763474225998
[92mINFO [0m:      		round 63: 0.12770163869857787
[92mINFO [0m:      		round 64: 0.12329263144731521
[92mINFO [0m:      		round 65: 0.12538955509662628
[92mINFO [0m:      		round 66: 0.12900575655698776
[92mINFO [0m:      		round 67: 0.13293173491954804
[92mINFO [0m:      		round 68: 0.128713643014431
[92mINFO [0m:      		round 69: 0.12798242336511612
[92mINFO [0m:      		round 70: 0.12712363910675048
[92mINFO [0m:      		round 71: 0.126667041182518
[92mINFO [0m:      		round 72: 0.13388285595178603
[92mINFO [0m:      		round 73: 0.12766789424419403
[92mINFO [0m:      		round 74: 0.12356371235847473
[92mINFO [0m:      		round 75: 0.13090336745977402
[92mINFO [0m:      		round 76: 0.125624069750309
[92mINFO [0m:      		round 77: 0.13235786539316177
[92mINFO [0m:      		round 78: 0.12694636940956117
[92mINFO [0m:      		round 79: 0.12435749620199203
[92mINFO [0m:      		round 80: 0.12762113523483276
[92mINFO [0m:      		round 81: 0.12414908057451249
[92mINFO [0m:      		round 82: 0.12136207526922226
[92mINFO [0m:      		round 83: 0.12855190140008926
[92mINFO [0m:      		round 84: 0.12207483887672424
[92mINFO [0m:      		round 85: 0.1280530652999878
[92mINFO [0m:      		round 86: 0.119998444378376
[92mINFO [0m:      		round 87: 0.12352337628602982
[92mINFO [0m:      		round 88: 0.12727348095178603
[92mINFO [0m:      		round 89: 0.12333099102973938
[92mINFO [0m:      		round 90: 0.12404748684167861
[92mINFO [0m:      		round 91: 0.12681273543834687
[92mINFO [0m:      		round 92: 0.11824355745315551
[92mINFO [0m:      		round 93: 0.12000551652908326
[92mINFO [0m:      		round 94: 0.1219379436969757
[92mINFO [0m:      		round 95: 0.12248247450590134
[92mINFO [0m:      		round 96: 0.12092313772439957
[92mINFO [0m:      		round 97: 0.11856084775924683
[92mINFO [0m:      		round 98: 0.12268159025907517
[92mINFO [0m:      		round 99: 0.12202971231937408
[92mINFO [0m:      		round 100: 0.12337358218431473
[92mINFO [0m:      	History (metrics, distributed, fit):
[92mINFO [0m:      	{'train_loss': [(1, 0.5056577671143982),
[92mINFO [0m:      	                (2, 0.2667047914352503),
[92mINFO [0m:      	                (3, 0.23555652838987154),
[92mINFO [0m:      	                (4, 0.21705464313591685),
[92mINFO [0m:      	                (5, 0.20959082620966066),
[92mINFO [0m:      	                (6, 0.20229221352033908),
[92mINFO [0m:      	                (7, 0.19938119212249378),
[92mINFO [0m:      	                (8, 0.19125611472639953),
[92mINFO [0m:      	                (9, 0.1887307182715104),
[92mINFO [0m:      	                (10, 0.18471490281882944),
[92mINFO [0m:      	                (11, 0.17980786857453432),
[92mINFO [0m:      	                (12, 0.18011220482861376),
[92mINFO [0m:      	                (13, 0.17643630761351134),
[92mINFO [0m:      	                (14, 0.17272423533676146),
[92mINFO [0m:      	                (15, 0.17217100762554235),
[92mINFO [0m:      	                (16, 0.16657076876711202),
[92mINFO [0m:      	                (17, 0.1699182559867521),
[92mINFO [0m:      	                (18, 0.16678358536321777),
[92mINFO [0m:      	                (19, 0.16571402422211193),
[92mINFO [0m:      	                (20, 0.16282470567008336),
[92mINFO [0m:      	                (21, 0.16546248366964889),
[92mINFO [0m:      	                (22, 0.162890481418586),
[92mINFO [0m:      	                (23, 0.16251144547750046),
[92mINFO [0m:      	                (24, 0.16091194994620853),
[92mINFO [0m:      	                (25, 0.1600743134704617),
[92mINFO [0m:      	                (26, 0.16102596915684067),
[92mINFO [0m:      	                (27, 0.1601816504761144),
[92mINFO [0m:      	                (28, 0.15729031816229327),
[92mINFO [0m:      	                (29, 0.15754596651480482),
[92mINFO [0m:      	                (30, 0.15831014357909962),
[92mINFO [0m:      	                (31, 0.15751999431104213),
[92mINFO [0m:      	                (32, 0.15353114996198658),
[92mINFO [0m:      	                (33, 0.15275082245536215),
[92mINFO [0m:      	                (34, 0.1513982559810649),
[92mINFO [0m:      	                (35, 0.1526760112464398),
[92mINFO [0m:      	                (36, 0.15088432893395662),
[92mINFO [0m:      	                (37, 0.1512596412273767),
[92mINFO [0m:      	                (38, 0.14973096647770615),
[92mINFO [0m:      	                (39, 0.15118114828496604),
[92mINFO [0m:      	                (40, 0.1508974489421249),
[92mINFO [0m:      	                (41, 0.14827507460588688),
[92mINFO [0m:      	                (42, 0.1464560191511541),
[92mINFO [0m:      	                (43, 0.15325040163078885),
[92mINFO [0m:      	                (44, 0.14896573595799603),
[92mINFO [0m:      	                (45, 0.15037588145699468),
[92mINFO [0m:      	                (46, 0.15467108538312777),
[92mINFO [0m:      	                (47, 0.1493243458620212),
[92mINFO [0m:      	                (48, 0.1478150561489202),
[92mINFO [0m:      	                (49, 0.14740647109891022),
[92mINFO [0m:      	                (50, 0.14637601544504408),
[92mINFO [0m:      	                (51, 0.14631969314460103),
[92mINFO [0m:      	                (52, 0.14417975157447108),
[92mINFO [0m:      	                (53, 0.1451658211029447),
[92mINFO [0m:      	                (54, 0.14647788057538183),
[92mINFO [0m:      	                (55, 0.14627301684945254),
[92mINFO [0m:      	                (56, 0.14627819479041332),
[92mINFO [0m:      	                (57, 0.14372058627051157),
[92mINFO [0m:      	                (58, 0.14452581410226342),
[92mINFO [0m:      	                (59, 0.14202696847001295),
[92mINFO [0m:      	                (60, 0.14056279128967403),
[92mINFO [0m:      	                (61, 0.14328034843007723),
[92mINFO [0m:      	                (62, 0.14384492438238067),
[92mINFO [0m:      	                (63, 0.14056121427621748),
[92mINFO [0m:      	                (64, 0.14311465349708413),
[92mINFO [0m:      	                (65, 0.1401349568144755),
[92mINFO [0m:      	                (66, 0.14180734128811517),
[92mINFO [0m:      	                (67, 0.14350755948823196),
[92mINFO [0m:      	                (68, 0.1432778867720454),
[92mINFO [0m:      	                (69, 0.14016913010499202),
[92mINFO [0m:      	                (70, 0.14166298651651996),
[92mINFO [0m:      	                (71, 0.13737290183099005),
[92mINFO [0m:      	                (72, 0.13929438069127165),
[92mINFO [0m:      	                (73, 0.13772346972076743),
[92mINFO [0m:      	                (74, 0.13693951195790185),
[92mINFO [0m:      	                (75, 0.13807911936145228),
[92mINFO [0m:      	                (76, 0.14009363045757478),
[92mINFO [0m:      	                (77, 0.13677621912117954),
[92mINFO [0m:      	                (78, 0.1371861780556413),
[92mINFO [0m:      	                (79, 0.1362912886933581),
[92mINFO [0m:      	                (80, 0.13676485995966214),
[92mINFO [0m:      	                (81, 0.1361044570374805),
[92mINFO [0m:      	                (82, 0.13526190799643267),
[92mINFO [0m:      	                (83, 0.13573876908748178),
[92mINFO [0m:      	                (84, 0.1359319602446006),
[92mINFO [0m:      	                (85, 0.1382472502744502),
[92mINFO [0m:      	                (86, 0.13870090291694598),
[92mINFO [0m:      	                (87, 0.13644475376306175),
[92mINFO [0m:      	                (88, 0.1374926511142347),
[92mINFO [0m:      	                (89, 0.1333564924424863),
[92mINFO [0m:      	                (90, 0.13277840900334628),
[92mINFO [0m:      	                (91, 0.13629902884535663),
[92mINFO [0m:      	                (92, 0.1353848505824864),
[92mINFO [0m:      	                (93, 0.13293427947509634),
[92mINFO [0m:      	                (94, 0.1357832045720385),
[92mINFO [0m:      	                (95, 0.12914293443595803),
[92mINFO [0m:      	                (96, 0.13529067264647932),
[92mINFO [0m:      	                (97, 0.13304187099191103),
[92mINFO [0m:      	                (98, 0.13713311473349551),
[92mINFO [0m:      	                (99, 0.13275182355116974),
[92mINFO [0m:      	                (100, 0.13440978296056344)]}
[92mINFO [0m:      	History (metrics, distributed, evaluate):
[92mINFO [0m:      	{'val_dice': [(1, 0.6904712994893393),
[92mINFO [0m:      	              (2, 0.7309071203867594),
[92mINFO [0m:      	              (3, 0.7604511140187582),
[92mINFO [0m:      	              (4, 0.7949350280761719),
[92mINFO [0m:      	              (5, 0.7997847054799399),
[92mINFO [0m:      	              (6, 0.8090652192433676),
[92mINFO [0m:      	              (7, 0.7903382631937662),
[92mINFO [0m:      	              (8, 0.8157235050201416),
[92mINFO [0m:      	              (9, 0.8248996658325195),
[92mINFO [0m:      	              (10, 0.8262465947469075),
[92mINFO [0m:      	              (11, 0.8328604202270508),
[92mINFO [0m:      	              (12, 0.8294311116536459),
[92mINFO [0m:      	              (13, 0.8460826517740885),
[92mINFO [0m:      	              (14, 0.8342709147135416),
[92mINFO [0m:      	              (15, 0.8509614219665528),
[92mINFO [0m:      	              (16, 0.8275407257080079),
[92mINFO [0m:      	              (17, 0.8458243185679117),
[92mINFO [0m:      	              (18, 0.8304852739969889),
[92mINFO [0m:      	              (19, 0.8391982606252035),
[92mINFO [0m:      	              (20, 0.8406235758463542),
[92mINFO [0m:      	              (21, 0.8458916180928548),
[92mINFO [0m:      	              (22, 0.8528598016103109),
[92mINFO [0m:      	              (23, 0.8514929835001627),
[92mINFO [0m:      	              (24, 0.8483504886627198),
[92mINFO [0m:      	              (25, 0.8553290290832519),
[92mINFO [0m:      	              (26, 0.8546317609151205),
[92mINFO [0m:      	              (27, 0.8564743887583415),
[92mINFO [0m:      	              (28, 0.8625837109883626),
[92mINFO [0m:      	              (29, 0.8636249853769937),
[92mINFO [0m:      	              (30, 0.860913153330485),
[92mINFO [0m:      	              (31, 0.8580283838907877),
[92mINFO [0m:      	              (32, 0.8513507703145345),
[92mINFO [0m:      	              (33, 0.8577314631144205),
[92mINFO [0m:      	              (34, 0.855018212000529),
[92mINFO [0m:      	              (35, 0.8604677130381266),
[92mINFO [0m:      	              (36, 0.8612272936503093),
[92mINFO [0m:      	              (37, 0.8688011550903321),
[92mINFO [0m:      	              (38, 0.8719190330505371),
[92mINFO [0m:      	              (39, 0.8664849383036295),
[92mINFO [0m:      	              (40, 0.8656270662943522),
[92mINFO [0m:      	              (41, 0.8623274377187093),
[92mINFO [0m:      	              (42, 0.8566021067301431),
[92mINFO [0m:      	              (43, 0.8738225021362305),
[92mINFO [0m:      	              (44, 0.8569803829193116),
[92mINFO [0m:      	              (45, 0.8546822388966878),
[92mINFO [0m:      	              (46, 0.867396276473999),
[92mINFO [0m:      	              (47, 0.8731664784749349),
[92mINFO [0m:      	              (48, 0.8723832887013754),
[92mINFO [0m:      	              (49, 0.8701366742451986),
[92mINFO [0m:      	              (50, 0.8612175992329916),
[92mINFO [0m:      	              (51, 0.8759116834004721),
[92mINFO [0m:      	              (52, 0.8680368843078613),
[92mINFO [0m:      	              (53, 0.8693543319702148),
[92mINFO [0m:      	              (54, 0.8732943528493246),
[92mINFO [0m:      	              (55, 0.8720476970672607),
[92mINFO [0m:      	              (56, 0.8663091538747152),
[92mINFO [0m:      	              (57, 0.8726155274709066),
[92mINFO [0m:      	              (58, 0.8720286566416422),
[92mINFO [0m:      	              (59, 0.8768538761138917),
[92mINFO [0m:      	              (60, 0.8775712649027506),
[92mINFO [0m:      	              (61, 0.8726746946970622),
[92mINFO [0m:      	              (62, 0.8766741778055827),
[92mINFO [0m:      	              (63, 0.878798875172933),
[92mINFO [0m:      	              (64, 0.8834044354756674),
[92mINFO [0m:      	              (65, 0.8812750027974448),
[92mINFO [0m:      	              (66, 0.8774548403422038),
[92mINFO [0m:      	              (67, 0.8730381711324057),
[92mINFO [0m:      	              (68, 0.8779007809956869),
[92mINFO [0m:      	              (69, 0.878544095993042),
[92mINFO [0m:      	              (70, 0.8795981305440267),
[92mINFO [0m:      	              (71, 0.8801565170288086),
[92mINFO [0m:      	              (72, 0.8714403374989828),
[92mINFO [0m:      	              (73, 0.8789748115539551),
[92mINFO [0m:      	              (74, 0.8827497692108154),
[92mINFO [0m:      	              (75, 0.8745246982574463),
[92mINFO [0m:      	              (76, 0.8807308578491211),
[92mINFO [0m:      	              (77, 0.8743981024424234),
[92mINFO [0m:      	              (78, 0.8790983505249024),
[92mINFO [0m:      	              (79, 0.8816169134775798),
[92mINFO [0m:      	              (80, 0.8786789563496908),
[92mINFO [0m:      	              (81, 0.881951276143392),
[92mINFO [0m:      	              (82, 0.885525931040446),
[92mINFO [0m:      	              (83, 0.8767912082672119),
[92mINFO [0m:      	              (84, 0.8851238924662271),
[92mINFO [0m:      	              (85, 0.8783053805033365),
[92mINFO [0m:      	              (86, 0.8868497333526612),
[92mINFO [0m:      	              (87, 0.8832847652435303),
[92mINFO [0m:      	              (88, 0.8781860357920328),
[92mINFO [0m:      	              (89, 0.8831838423411051),
[92mINFO [0m:      	              (90, 0.8820361467997233),
[92mINFO [0m:      	              (91, 0.8797202866872152),
[92mINFO [0m:      	              (92, 0.8888467032114664),
[92mINFO [0m:      	              (93, 0.8877758096059164),
[92mINFO [0m:      	              (94, 0.8847604700724283),
[92mINFO [0m:      	              (95, 0.8834373524983724),
[92mINFO [0m:      	              (96, 0.8861384029388428),
[92mINFO [0m:      	              (97, 0.8887682673136393),
[92mINFO [0m:      	              (98, 0.885156462351481),
[92mINFO [0m:      	              (99, 0.8858556276957193),
[92mINFO [0m:      	              (100, 0.8842449010213217)]}
[92mINFO [0m:      
